{"type":"server-started","port":64282,"host":"127.0.0.1","url_host":"localhost","url":"http://localhost:64282","screen_dir":"/Users/junseki/Documents/GitHub/ai-spm-dashboard/.superpowers/brainstorm/55344-1773870680"}
{"type":"screen-added","file":"/Users/junseki/Documents/GitHub/ai-spm-dashboard/.superpowers/brainstorm/55344-1773870680/map-style.html"}
{"type":"screen-updated","file":"/Users/junseki/Documents/GitHub/ai-spm-dashboard/.superpowers/brainstorm/55344-1773870680/map-style.html"}
{"type":"screen-updated","file":"/Users/junseki/Documents/GitHub/ai-spm-dashboard/.superpowers/brainstorm/55344-1773870680/map-style.html"}
{"type":"screen-updated","file":"/Users/junseki/Documents/GitHub/ai-spm-dashboard/.superpowers/brainstorm/55344-1773870680/map-style.html"}
{"type":"screen-added","file":"/Users/junseki/Documents/GitHub/ai-spm-dashboard/.superpowers/brainstorm/55344-1773870680/design-aesthetic.html"}
{"type":"screen-updated","file":"/Users/junseki/Documents/GitHub/ai-spm-dashboard/.superpowers/brainstorm/55344-1773870680/design-aesthetic.html"}
{"type":"screen-updated","file":"/Users/junseki/Documents/GitHub/ai-spm-dashboard/.superpowers/brainstorm/55344-1773870680/design-aesthetic.html"}
{"type":"screen-added","file":"/Users/junseki/Documents/GitHub/ai-spm-dashboard/.superpowers/brainstorm/55344-1773870680/product-structure.html"}
{"type":"screen-updated","file":"/Users/junseki/Documents/GitHub/ai-spm-dashboard/.superpowers/brainstorm/55344-1773870680/product-structure.html"}
{"type":"screen-updated","file":"/Users/junseki/Documents/GitHub/ai-spm-dashboard/.superpowers/brainstorm/55344-1773870680/product-structure.html"}
{"type":"screen-updated","file":"/Users/junseki/Documents/GitHub/ai-spm-dashboard/.superpowers/brainstorm/55344-1773870680/product-structure.html"}
{"type":"screen-added","file":"/Users/junseki/Documents/GitHub/ai-spm-dashboard/.superpowers/brainstorm/55344-1773870680/demo-journey.html"}
{"type":"screen-updated","file":"/Users/junseki/Documents/GitHub/ai-spm-dashboard/.superpowers/brainstorm/55344-1773870680/demo-journey.html"}
{"type":"screen-updated","file":"/Users/junseki/Documents/GitHub/ai-spm-dashboard/.superpowers/brainstorm/55344-1773870680/demo-journey.html"}
{"type":"screen-updated","file":"/Users/junseki/Documents/GitHub/ai-spm-dashboard/.superpowers/brainstorm/55344-1773870680/demo-journey.html"}
{"type":"screen-added","file":"/Users/junseki/Documents/GitHub/ai-spm-dashboard/.superpowers/brainstorm/55344-1773870680/tech-design.html"}
{"type":"screen-updated","file":"/Users/junseki/Documents/GitHub/ai-spm-dashboard/.superpowers/brainstorm/55344-1773870680/tech-design.html"}
{"type":"screen-updated","file":"/Users/junseki/Documents/GitHub/ai-spm-dashboard/.superpowers/brainstorm/55344-1773870680/tech-design.html"}
{"type":"server-stopped","reason":"owner process exited"}
